Copyright 1986-2022 Xilinx, Inc. All Rights Reserved. Copyright 2022-2025 Advanced Micro Devices, Inc. All Rights Reserved.
---------------------------------------------------------------------------------------------------------------------------------------------
| Tool Version : Vivado v.2025.1 (win64) Build 6140274 Thu May 22 00:12:29 MDT 2025
| Date         : Sun Apr  5 15:05:40 2026
| Host         : LAPTOP-B9J79FMQ running 64-bit major release  (build 9200)
| Command      : report_timing_summary -file reports/timing_impl.rpt
| Design       : top
| Device       : 7a25t-csg325
| Speed File   : -2  PRODUCTION 1.23 2018-06-13
| Design State : Routed
---------------------------------------------------------------------------------------------------------------------------------------------

Timing Summary Report

------------------------------------------------------------------------------------------------
| Timer Settings
| --------------
------------------------------------------------------------------------------------------------

  Enable Multi Corner Analysis               :  Yes
  Enable Pessimism Removal                   :  Yes
  Pessimism Removal Resolution               :  Nearest Common Node
  Enable Input Delay Default Clock           :  No
  Enable Preset / Clear Arcs                 :  No
  Disable Flight Delays                      :  No
  Ignore I/O Paths                           :  No
  Timing Early Launch at Borrowing Latches   :  No
  Borrow Time for Max Delay Exceptions       :  Yes
  Merge Timing Exceptions                    :  Yes
  Inter-SLR Compensation                     :  Conservative

  Corner  Analyze    Analyze    
  Name    Max Paths  Min Paths  
  ------  ---------  ---------  
  Slow    Yes        Yes        
  Fast    Yes        Yes        


------------------------------------------------------------------------------------------------
| Report Methodology
| ------------------
------------------------------------------------------------------------------------------------

No report available as report_methodology has not been run prior. Run report_methodology on the current design for the summary of methodology violations.



check_timing report

Table of Contents
-----------------
1. checking no_clock (0)
2. checking constant_clock (0)
3. checking pulse_width_clock (0)
4. checking unconstrained_internal_endpoints (0)
5. checking no_input_delay (6)
6. checking no_output_delay (1)
7. checking multiple_clock (0)
8. checking generated_clocks (0)
9. checking loops (0)
10. checking partial_input_delay (0)
11. checking partial_output_delay (0)
12. checking latch_loops (0)

1. checking no_clock (0)
------------------------
 There are 0 register/latch pins with no clock.


2. checking constant_clock (0)
------------------------------
 There are 0 register/latch pins with constant_clock.


3. checking pulse_width_clock (0)
---------------------------------
 There are 0 register/latch pins which need pulse_width check


4. checking unconstrained_internal_endpoints (0)
------------------------------------------------
 There are 0 pins that are not constrained for maximum delay.

 There are 0 pins that are not constrained for maximum delay due to constant clock.


5. checking no_input_delay (6)
------------------------------
 There are 2 input ports with no input delay specified. (HIGH)

 There are 4 input ports with no input delay but user has a false path constraint. (MEDIUM)


6. checking no_output_delay (1)
-------------------------------
 There is 1 port with no output delay specified. (HIGH)

 There are 0 ports with no output delay but user has a false path constraint

 There are 0 ports with no output delay but with a timing clock defined on it or propagating through it


7. checking multiple_clock (0)
------------------------------
 There are 0 register/latch pins with multiple clocks.


8. checking generated_clocks (0)
--------------------------------
 There are 0 generated clocks that are not connected to a clock source.


9. checking loops (0)
---------------------
 There are 0 combinational loops in the design.


10. checking partial_input_delay (0)
------------------------------------
 There are 0 input ports with partial input delay specified.


11. checking partial_output_delay (0)
-------------------------------------
 There are 0 ports with partial output delay specified.


12. checking latch_loops (0)
----------------------------
 There are 0 combinational latch loops in the design through latch input



------------------------------------------------------------------------------------------------
| Design Timing Summary
| ---------------------
------------------------------------------------------------------------------------------------

    WNS(ns)      TNS(ns)  TNS Failing Endpoints  TNS Total Endpoints      WHS(ns)      THS(ns)  THS Failing Endpoints  THS Total Endpoints     WPWS(ns)     TPWS(ns)  TPWS Failing Endpoints  TPWS Total Endpoints  
    -------      -------  ---------------------  -------------------      -------      -------  ---------------------  -------------------     --------     --------  ----------------------  --------------------  
      3.422        0.000                      0                  120        0.144        0.000                      0                  120        1.705        0.000                       0                   103  


All user specified timing constraints are met.


------------------------------------------------------------------------------------------------
| Clock Summary
| -------------
------------------------------------------------------------------------------------------------

Clock               Waveform(ns)         Period(ns)      Frequency(MHz)
-----               ------------         ----------      --------------
fpga_clk            {0.000 3.205}        6.410           156.006         
  clk_156_buf_mmcm  {0.000 3.214}        6.428           155.573         
  clk_24_5_mmcm     {0.000 20.355}       40.710          24.564          
  clk_50_mmcm       {0.000 9.999}        19.998          50.006          
  clkfbout_mmcm     {0.000 16.025}       32.050          31.201          


------------------------------------------------------------------------------------------------
| Intra Clock Table
| -----------------
------------------------------------------------------------------------------------------------

Clock                   WNS(ns)      TNS(ns)  TNS Failing Endpoints  TNS Total Endpoints      WHS(ns)      THS(ns)  THS Failing Endpoints  THS Total Endpoints     WPWS(ns)     TPWS(ns)  TPWS Failing Endpoints  TPWS Total Endpoints  
-----                   -------      -------  ---------------------  -------------------      -------      -------  ---------------------  -------------------     --------     --------  ----------------------  --------------------  
fpga_clk                                                                                                                                                              1.705        0.000                       0                     1  
  clk_156_buf_mmcm        3.422        0.000                      0                  120        0.144        0.000                      0                  120        2.714        0.000                       0                    95  
  clk_24_5_mmcm                                                                                                                                                      39.117        0.000                       0                     2  
  clk_50_mmcm                                                                                                                                                        18.405        0.000                       0                     2  
  clkfbout_mmcm                                                                                                                                                      30.458        0.000                       0                     3  


------------------------------------------------------------------------------------------------
| Inter Clock Table
| -----------------
------------------------------------------------------------------------------------------------

From Clock    To Clock          WNS(ns)      TNS(ns)  TNS Failing Endpoints  TNS Total Endpoints      WHS(ns)      THS(ns)  THS Failing Endpoints  THS Total Endpoints  
----------    --------          -------      -------  ---------------------  -------------------      -------      -------  ---------------------  -------------------  


------------------------------------------------------------------------------------------------
| Other Path Groups Table
| -----------------------
------------------------------------------------------------------------------------------------

Path Group    From Clock    To Clock          WNS(ns)      TNS(ns)  TNS Failing Endpoints  TNS Total Endpoints      WHS(ns)      THS(ns)  THS Failing Endpoints  THS Total Endpoints  
----------    ----------    --------          -------      -------  ---------------------  -------------------      -------      -------  ---------------------  -------------------  


------------------------------------------------------------------------------------------------
| Timing Details
| --------------
------------------------------------------------------------------------------------------------


---------------------------------------------------------------------------------------------------
From Clock:  fpga_clk
  To Clock:  fpga_clk

Setup :           NA  Failing Endpoints,  Worst Slack           NA  ,  Total Violation           NA
Hold  :           NA  Failing Endpoints,  Worst Slack           NA  ,  Total Violation           NA
PW    :            0  Failing Endpoints,  Worst Slack        1.705ns,  Total Violation        0.000ns
---------------------------------------------------------------------------------------------------


Pulse Width Checks
--------------------------------------------------------------------------------------
Clock Name:         fpga_clk
Waveform(ns):       { 0.000 3.205 }
Period(ns):         6.410
Sources:            { fpga_clk }

Check Type        Corner  Lib Pin            Reference Pin  Required(ns)  Actual(ns)  Slack(ns)  Location         Pin
Min Period        n/a     MMCME2_ADV/CLKIN1  n/a            1.249         6.410       5.161      MMCME2_ADV_X1Y0  u_mmcm/inst/mmcm_adv_inst/CLKIN1
Max Period        n/a     MMCME2_ADV/CLKIN1  n/a            100.000       6.410       93.590     MMCME2_ADV_X1Y0  u_mmcm/inst/mmcm_adv_inst/CLKIN1
Low Pulse Width   Slow    MMCME2_ADV/CLKIN1  n/a            1.500         3.205       1.705      MMCME2_ADV_X1Y0  u_mmcm/inst/mmcm_adv_inst/CLKIN1
High Pulse Width  Slow    MMCME2_ADV/CLKIN1  n/a            1.500         3.205       1.705      MMCME2_ADV_X1Y0  u_mmcm/inst/mmcm_adv_inst/CLKIN1



---------------------------------------------------------------------------------------------------
From Clock:  clk_156_buf_mmcm
  To Clock:  clk_156_buf_mmcm

Setup :            0  Failing Endpoints,  Worst Slack        3.422ns,  Total Violation        0.000ns
Hold  :            0  Failing Endpoints,  Worst Slack        0.144ns,  Total Violation        0.000ns
PW    :            0  Failing Endpoints,  Worst Slack        2.714ns,  Total Violation        0.000ns
---------------------------------------------------------------------------------------------------


Max Delay Paths
--------------------------------------------------------------------------------------
Slack (MET) :             3.422ns  (required time - arrival time)
  Source:                 u_dac/ff2_reg[b_clk]/C
                            (rising edge-triggered cell FDCE clocked by clk_156_buf_mmcm  {rise@0.000ns fall@3.214ns period=6.428ns})
  Destination:            u_dac/shift_reg[12]/CE
                            (rising edge-triggered cell FDCE clocked by clk_156_buf_mmcm  {rise@0.000ns fall@3.214ns period=6.428ns})
  Path Group:             clk_156_buf_mmcm
  Path Type:              Setup (Max at Slow Process Corner)
  Requirement:            6.428ns  (clk_156_buf_mmcm rise@6.428ns - clk_156_buf_mmcm rise@0.000ns)
  Data Path Delay:        2.738ns  (logic 0.589ns (21.512%)  route 2.149ns (78.488%))
  Logic Levels:           2  (LUT6=2)
  Clock Path Skew:        -0.027ns (DCD - SCD + CPR)
    Destination Clock Delay (DCD):    -0.848ns = ( 5.579 - 6.428 ) 
    Source Clock Delay      (SCD):    -0.395ns
    Clock Pessimism Removal (CPR):    0.426ns
  Clock Uncertainty:      0.073ns  ((TSJ^2 + DJ^2)^1/2) / 2 + PE
    Total System Jitter     (TSJ):    0.071ns
    Discrete Jitter          (DJ):    0.128ns
    Phase Error              (PE):    0.000ns

    Location             Delay type                Incr(ns)  Path(ns)    Netlist Resource(s)
  -------------------------------------------------------------------    -------------------
                         (clock clk_156_buf_mmcm rise edge)
                                                      0.000     0.000 r  
    P4                                                0.000     0.000 r  fpga_clk (IN)
                         net (fo=0)                   0.000     0.000    u_mmcm/inst/clk_156_in
    P4                   IBUF (Prop_ibuf_I_O)         1.395     1.395 r  u_mmcm/inst/clkin1_ibufg/O
                         net (fo=1, routed)           1.065     2.460    u_mmcm/inst/clk_156_in_mmcm
    MMCME2_ADV_X1Y0      MMCME2_ADV (Prop_mmcme2_adv_CLKIN1_CLKOUT2)
                                                     -5.774    -3.315 r  u_mmcm/inst/mmcm_adv_inst/CLKOUT2
                         net (fo=1, routed)           1.416    -1.899    u_mmcm/inst/clk_156_buf_mmcm
    BUFGCTRL_X0Y2        BUFG (Prop_bufg_I_O)         0.081    -1.818 r  u_mmcm/inst/clkout3_buf/O
                         net (fo=93, routed)          1.423    -0.395    u_dac/CLK
    SLICE_X4Y15          FDCE                                         r  u_dac/ff2_reg[b_clk]/C
  -------------------------------------------------------------------    -------------------
    SLICE_X4Y15          FDCE (Prop_fdce_C_Q)         0.379    -0.016 r  u_dac/ff2_reg[b_clk]/Q
                         net (fo=8, routed)           0.859     0.843    u_dac/ff2_reg[b_clk]__0
    SLICE_X7Y16          LUT6 (Prop_lut6_I2_O)        0.105     0.948 r  u_dac/count[4]_i_3__0/O
                         net (fo=18, routed)          0.884     1.832    u_dac/count[4]_i_3__0_n_0
    SLICE_X7Y15          LUT6 (Prop_lut6_I1_O)        0.105     1.937 r  u_dac/shift[15]_i_1__0/O
                         net (fo=16, routed)          0.406     2.343    u_dac/shift[15]_i_1__0_n_0
    SLICE_X5Y17          FDCE                                         r  u_dac/shift_reg[12]/CE
  -------------------------------------------------------------------    -------------------

                         (clock clk_156_buf_mmcm rise edge)
                                                      6.428     6.428 r  
    P4                                                0.000     6.428 r  fpga_clk (IN)
                         net (fo=0)                   0.000     6.428    u_mmcm/inst/clk_156_in
    P4                   IBUF (Prop_ibuf_I_O)         1.329     7.757 r  u_mmcm/inst/clkin1_ibufg/O
                         net (fo=1, routed)           1.004     8.760    u_mmcm/inst/clk_156_in_mmcm
    MMCME2_ADV_X1Y0      MMCME2_ADV (Prop_mmcme2_adv_CLKIN1_CLKOUT2)
                                                     -5.921     2.839 r  u_mmcm/inst/mmcm_adv_inst/CLKOUT2
                         net (fo=1, routed)           1.349     4.189    u_mmcm/inst/clk_156_buf_mmcm
    BUFGCTRL_X0Y2        BUFG (Prop_bufg_I_O)         0.077     4.266 r  u_mmcm/inst/clkout3_buf/O
                         net (fo=93, routed)          1.314     5.579    u_dac/CLK
    SLICE_X5Y17          FDCE                                         r  u_dac/shift_reg[12]/C
                         clock pessimism              0.426     6.006    
                         clock uncertainty           -0.073     5.933    
    SLICE_X5Y17          FDCE (Setup_fdce_C_CE)      -0.168     5.765    u_dac/shift_reg[12]
  -------------------------------------------------------------------
                         required time                          5.765    
                         arrival time                          -2.343    
  -------------------------------------------------------------------
                         slack                                  3.422    





Min Delay Paths
--------------------------------------------------------------------------------------
Slack (MET) :             0.144ns  (arrival time - required time)
  Source:                 u_adc/atfif\\.adc_data_out_reg[15]/C
                            (rising edge-triggered cell FDCE clocked by clk_156_buf_mmcm  {rise@0.000ns fall@3.214ns period=6.428ns})
  Destination:            u_dac/data_reg_reg[7]/D
                            (rising edge-triggered cell FDCE clocked by clk_156_buf_mmcm  {rise@0.000ns fall@3.214ns period=6.428ns})
  Path Group:             clk_156_buf_mmcm
  Path Type:              Hold (Min at Fast Process Corner)
  Requirement:            0.000ns  (clk_156_buf_mmcm rise@0.000ns - clk_156_buf_mmcm rise@0.000ns)
  Data Path Delay:        0.254ns  (logic 0.141ns (55.519%)  route 0.113ns (44.481%))
  Logic Levels:           0  
  Clock Path Skew:        0.034ns (DCD - SCD - CPR)
    Destination Clock Delay (DCD):    -0.745ns
    Source Clock Delay      (SCD):    -0.509ns
    Clock Pessimism Removal (CPR):    -0.269ns

    Location             Delay type                Incr(ns)  Path(ns)    Netlist Resource(s)
  -------------------------------------------------------------------    -------------------
                         (clock clk_156_buf_mmcm rise edge)
                                                      0.000     0.000 r  
    P4                                                0.000     0.000 r  fpga_clk (IN)
                         net (fo=0)                   0.000     0.000    u_mmcm/inst/clk_156_in
    P4                   IBUF (Prop_ibuf_I_O)         0.232     0.232 r  u_mmcm/inst/clkin1_ibufg/O
                         net (fo=1, routed)           0.440     0.672    u_mmcm/inst/clk_156_in_mmcm
    MMCME2_ADV_X1Y0      MMCME2_ADV (Prop_mmcme2_adv_CLKIN1_CLKOUT2)
                                                     -2.275    -1.604 r  u_mmcm/inst/mmcm_adv_inst/CLKOUT2
                         net (fo=1, routed)           0.485    -1.119    u_mmcm/inst/clk_156_buf_mmcm
    BUFGCTRL_X0Y2        BUFG (Prop_bufg_I_O)         0.026    -1.093 r  u_mmcm/inst/clkout3_buf/O
                         net (fo=93, routed)          0.584    -0.509    u_adc/CLK
    SLICE_X3Y18          FDCE                                         r  u_adc/atfif\\.adc_data_out_reg[15]/C
  -------------------------------------------------------------------    -------------------
    SLICE_X3Y18          FDCE (Prop_fdce_C_Q)         0.141    -0.368 r  u_adc/atfif\\.adc_data_out_reg[15]/Q
                         net (fo=1, routed)           0.113    -0.255    u_dac/D[7]
    SLICE_X4Y17          FDCE                                         r  u_dac/data_reg_reg[7]/D
  -------------------------------------------------------------------    -------------------

                         (clock clk_156_buf_mmcm rise edge)
                                                      0.000     0.000 r  
    P4                                                0.000     0.000 r  fpga_clk (IN)
                         net (fo=0)                   0.000     0.000    u_mmcm/inst/clk_156_in
    P4                   IBUF (Prop_ibuf_I_O)         0.419     0.419 r  u_mmcm/inst/clkin1_ibufg/O
                         net (fo=1, routed)           0.480     0.899    u_mmcm/inst/clk_156_in_mmcm
    MMCME2_ADV_X1Y0      MMCME2_ADV (Prop_mmcme2_adv_CLKIN1_CLKOUT2)
                                                     -3.052    -2.153 r  u_mmcm/inst/mmcm_adv_inst/CLKOUT2
                         net (fo=1, routed)           0.528    -1.625    u_mmcm/inst/clk_156_buf_mmcm
    BUFGCTRL_X0Y2        BUFG (Prop_bufg_I_O)         0.029    -1.596 r  u_mmcm/inst/clkout3_buf/O
                         net (fo=93, routed)          0.852    -0.745    u_dac/CLK
    SLICE_X4Y17          FDCE                                         r  u_dac/data_reg_reg[7]/C
                         clock pessimism              0.269    -0.475    
    SLICE_X4Y17          FDCE (Hold_fdce_C_D)         0.076    -0.399    u_dac/data_reg_reg[7]
  -------------------------------------------------------------------
                         required time                          0.399    
                         arrival time                          -0.255    
  -------------------------------------------------------------------
                         slack                                  0.144    





Pulse Width Checks
--------------------------------------------------------------------------------------
Clock Name:         clk_156_buf_mmcm
Waveform(ns):       { 0.000 3.214 }
Period(ns):         6.428
Sources:            { u_mmcm/inst/mmcm_adv_inst/CLKOUT2 }

Check Type        Corner  Lib Pin             Reference Pin  Required(ns)  Actual(ns)  Slack(ns)  Location         Pin
Min Period        n/a     BUFG/I              n/a            1.592         6.428       4.835      BUFGCTRL_X0Y2    u_mmcm/inst/clkout3_buf/I
Max Period        n/a     MMCME2_ADV/CLKOUT2  n/a            213.360       6.428       206.932    MMCME2_ADV_X1Y0  u_mmcm/inst/mmcm_adv_inst/CLKOUT2
Low Pulse Width   Slow    FDCE/C              n/a            0.500         3.214       2.714      SLICE_X6Y18      u_adc/atfif\\.adc_data_out_reg[10]/C
High Pulse Width  Slow    FDCE/C              n/a            0.500         3.214       2.714      SLICE_X6Y18      u_adc/atfif\\.adc_data_out_reg[10]/C



---------------------------------------------------------------------------------------------------
From Clock:  clk_24_5_mmcm
  To Clock:  clk_24_5_mmcm

Setup :           NA  Failing Endpoints,  Worst Slack           NA  ,  Total Violation           NA
Hold  :           NA  Failing Endpoints,  Worst Slack           NA  ,  Total Violation           NA
PW    :            0  Failing Endpoints,  Worst Slack       39.117ns,  Total Violation        0.000ns
---------------------------------------------------------------------------------------------------


Pulse Width Checks
--------------------------------------------------------------------------------------
Clock Name:         clk_24_5_mmcm
Waveform(ns):       { 0.000 20.355 }
Period(ns):         40.710
Sources:            { u_mmcm/inst/mmcm_adv_inst/CLKOUT1 }

Check Type  Corner  Lib Pin             Reference Pin  Required(ns)  Actual(ns)  Slack(ns)  Location         Pin
Min Period  n/a     BUFG/I              n/a            1.592         40.710      39.117     BUFGCTRL_X0Y1    u_mmcm/inst/clkout2_buf/I
Max Period  n/a     MMCME2_ADV/CLKOUT1  n/a            213.360       40.710      172.650    MMCME2_ADV_X1Y0  u_mmcm/inst/mmcm_adv_inst/CLKOUT1



---------------------------------------------------------------------------------------------------
From Clock:  clk_50_mmcm
  To Clock:  clk_50_mmcm

Setup :           NA  Failing Endpoints,  Worst Slack           NA  ,  Total Violation           NA
Hold  :           NA  Failing Endpoints,  Worst Slack           NA  ,  Total Violation           NA
PW    :            0  Failing Endpoints,  Worst Slack       18.405ns,  Total Violation        0.000ns
---------------------------------------------------------------------------------------------------


Pulse Width Checks
--------------------------------------------------------------------------------------
Clock Name:         clk_50_mmcm
Waveform(ns):       { 0.000 9.999 }
Period(ns):         19.998
Sources:            { u_mmcm/inst/mmcm_adv_inst/CLKOUT0 }

Check Type  Corner  Lib Pin             Reference Pin  Required(ns)  Actual(ns)  Slack(ns)  Location         Pin
Min Period  n/a     BUFG/I              n/a            1.592         19.998      18.405     BUFGCTRL_X0Y0    u_mmcm/inst/clkout1_buf/I
Max Period  n/a     MMCME2_ADV/CLKOUT0  n/a            213.360       19.998      193.362    MMCME2_ADV_X1Y0  u_mmcm/inst/mmcm_adv_inst/CLKOUT0



---------------------------------------------------------------------------------------------------
From Clock:  clkfbout_mmcm
  To Clock:  clkfbout_mmcm

Setup :           NA  Failing Endpoints,  Worst Slack           NA  ,  Total Violation           NA
Hold  :           NA  Failing Endpoints,  Worst Slack           NA  ,  Total Violation           NA
PW    :            0  Failing Endpoints,  Worst Slack       30.458ns,  Total Violation        0.000ns
---------------------------------------------------------------------------------------------------


Pulse Width Checks
--------------------------------------------------------------------------------------
Clock Name:         clkfbout_mmcm
Waveform(ns):       { 0.000 16.025 }
Period(ns):         32.050
Sources:            { u_mmcm/inst/mmcm_adv_inst/CLKFBOUT }

Check Type  Corner  Lib Pin             Reference Pin  Required(ns)  Actual(ns)  Slack(ns)  Location         Pin
Min Period  n/a     BUFG/I              n/a            1.592         32.050      30.458     BUFGCTRL_X0Y3    u_mmcm/inst/clkf_buf/I
Max Period  n/a     MMCME2_ADV/CLKFBIN  n/a            100.000       32.050      67.950     MMCME2_ADV_X1Y0  u_mmcm/inst/mmcm_adv_inst/CLKFBIN



