Vivado Simulator v2025.1.0
Copyright 1986-2022 Xilinx, Inc. All Rights Reserved.
Copyright 2022-2025 Advanced Micro Devices, Inc. All Rights Reserved.
Running: C:/Xilinx/2025.1/Vivado/bin/unwrapped/win64.o/xelab.exe -debug typical vibrato_tb -s vibrato_sim 
Multi-threading is on. Using 12 slave threads.
Starting static elaboration
Pass Through NonSizing Optimizer
WARNING: [VRFC 10-9145] library name 'c_accum_v12_0_20' of instantiated unit conflicts with the name of another visible identifier [C:/Users/tejas/Projects/HarmoniCore2.0/sv/HarmoniCore2.0.gen/sources_1/ip/ring_mod_accum/sim/ring_mod_accum.vhd:123]
WARNING: [VRFC 10-9145] library name 'mult_gen_v12_0_23' of instantiated unit conflicts with the name of another visible identifier [C:/Users/tejas/Projects/HarmoniCore2.0/sv/HarmoniCore2.0.gen/sources_1/ip/ring_mod_mult/sim/ring_mod_mult.vhd:119]
Completed static elaboration
Starting simulation data flow analysis
Completed simulation data flow analysis
Time Resolution for simulation is 1ps
Compiling package std.standard
Compiling package std.textio
Compiling package ieee.std_logic_1164
Compiling package ieee.numeric_std
Compiling package c_accum_v12_0_20.c_accum_v12_0_20_viv_comp
Compiling package xbip_utils_v3_0_14.xbip_utils_v3_0_14_pkg
Compiling package ieee.std_logic_arith
Compiling package ieee.std_logic_unsigned
Compiling package c_accum_v12_0_20.c_accum_v12_0_20_xbip_pkg
Compiling package c_accum_v12_0_20.c_accum_v12_0_20_pkg
Compiling package c_addsub_v12_0_20.c_addsub_v12_0_20_pkg_legacy
Compiling package c_reg_fd_v12_0_10.c_reg_fd_v12_0_10_viv_comp
Compiling package c_addsub_v12_0_20.c_addsub_v12_0_20_pkg
Compiling package unisim.vcomponents
Compiling package mult_gen_v12_0_23.mult_gen_v12_0_23_viv_comp
Compiling package mult_gen_v12_0_23.mult_gen_v12_0_23_pkg
Compiling package ieee.std_logic_signed
Compiling package ieee.vital_timing
Compiling package ieee.vital_primitives
Compiling package unisim.vpkg
Compiling architecture structural of entity c_reg_fd_v12_0_10.c_reg_fd_v12_0_10_viv [\c_reg_fd_v12_0_10_viv(c_width=1...]
Compiling architecture muxcy_v of entity unisim.MUXCY [muxcy_default]
Compiling architecture xorcy_v of entity unisim.XORCY [xorcy_default]
Compiling architecture rtl of entity c_addsub_v12_0_20.c_addsub_v12_0_20_lut6_legacy [\c_addsub_v12_0_20_lut6_legacy(c...]
Compiling architecture synth of entity c_addsub_v12_0_20.c_addsub_v12_0_20_fabric_legacy [\c_addsub_v12_0_20_fabric_legacy...]
Compiling architecture synth of entity c_addsub_v12_0_20.c_addsub_v12_0_20_legacy [\c_addsub_v12_0_20_legacy(c_fami...]
Compiling architecture struct of entity c_accum_v12_0_20.c_accum_v12_0_20_fabric_legacy [\c_accum_v12_0_20_fabric_legacy(...]
Compiling architecture rtl of entity c_accum_v12_0_20.c_accum_v12_0_20_legacy [\c_accum_v12_0_20_legacy(c_famil...]
Compiling architecture synth of entity c_accum_v12_0_20.c_accum_v12_0_20_viv [\c_accum_v12_0_20_viv(c_xdevicef...]
Compiling architecture xilinx of entity c_accum_v12_0_20.c_accum_v12_0_20 [\c_accum_v12_0_20(c_xdevicefamil...]
Compiling architecture ring_mod_accum_arch of entity work.ring_mod_accum [ring_mod_accum_default]
Compiling module work.blk_mem_gen_v8_4_11_output_stage...
Compiling module work.blk_mem_gen_v8_4_11_output_stage...
Compiling module work.blk_mem_gen_v8_4_11_softecc_outp...
Compiling module work.blk_mem_gen_v8_4_11_mem_module(C...
Compiling module work.blk_mem_gen_v8_4_11(C_FAMILY="ar...
Compiling module work.ring_mod_lut
Compiling architecture lut2_v of entity unisim.LUT2 [\LUT2(init="1000")(0,3)\]
Compiling architecture mult_and_v of entity unisim.MULT_AND [mult_and_default]
Compiling architecture xilinx of entity mult_gen_v12_0_23.op_resize [\op_resize(ai_width=24,bi_width=...]
Compiling architecture xilinx of entity mult_gen_v12_0_23.luts [\luts(c_xdevicefamily="artix7",c...]
Compiling architecture xilinx of entity mult_gen_v12_0_23.mult_gen_v12_0_23_viv [\mult_gen_v12_0_23_viv(c_verbosi...]
Compiling architecture xilinx of entity mult_gen_v12_0_23.mult_gen_v12_0_23 [\mult_gen_v12_0_23(c_xdevicefami...]
Compiling architecture ring_mod_mult_arch of entity work.ring_mod_mult [ring_mod_mult_default]
Compiling module work.ring_mod
Compiling module work.blk_mem_gen_v8_4_11_output_stage...
Compiling module work.blk_mem_gen_v8_4_11_softecc_outp...
Compiling module work.blk_mem_gen_v8_4_11_mem_module(C...
Compiling module work.blk_mem_axi_regs_fwd_v8_4(C_DATA...
Compiling module work.blk_mem_gen_v8_4_11(C_FAMILY="ar...
Compiling module work.blk_mem_gen_0
Compiling module work.vibrato_default
Compiling module work.vibrato_tb
Built simulation snapshot vibrato_sim
